C51 COMPILER V9.01   MAIN                                                                  06/25/2018 15:08:20 PAGE 1   


C51 COMPILER V9.01, COMPILATION OF MODULE MAIN
OBJECT MODULE PLACED IN main.OBJ
COMPILER INVOKED BY: D:\Keil\C51\BIN\C51.EXE main.c BROWSE DEBUG OBJECTEXTEND

line level    source

   1          #include "reg51.h"
   2          typedef unsigned char u8;
   3          typedef unsigned int u16;
   4          
   5          sbit led1 = P2^0;               // D1
   6          sbit led2 = P2^1;               // D2
   7          sbit led3 = P2^2;               // D3
   8          sbit led4 = P2^3;               // D4
   9          
  10          sbit k1=P3^1;
  11          sbit k2=P3^0;
  12          sbit k3=P3^2;
  13          sbit k4=P3^3;
  14          
  15          void delay(u16 i)
  16          {
  17   1              while (i--);
  18   1      }
  19          void keypros()
  20          {
  21   1              if (0==k1) {
  22   2                      delay(1000);
  23   2                      if (0==k1) {
  24   3                              led1=~led1; 
  25   3                      }
  26   2                      while (!k1);
  27   2              }
  28   1              if (0==k2) {
  29   2                      delay(1000);
  30   2                      if (0==k2) {
  31   3                              led2=~led2; 
  32   3                      }
  33   2                      while (!k2);
  34   2              }
  35   1              if (0==k3) {
  36   2                      delay(1000);
  37   2                      if (0==k3) {
  38   3                              led3=~led3; 
  39   3                      }
  40   2                      while (!k3);
  41   2              }
  42   1              if (0==k4) {
  43   2                      delay(1000);
  44   2                      if (0==k4) {
  45   3                              led4=~led4; 
  46   3                      }
  47   2                      while (!k4);
  48   2              }
  49   1      }
  50          void main() 
  51          {
  52   1              while (1) 
  53   1              {
  54   2                 keypros();
  55   2              }
C51 COMPILER V9.01   MAIN                                                                  06/25/2018 15:08:20 PAGE 2   

  56   1      }


MODULE INFORMATION:   STATIC OVERLAYABLE
   CODE SIZE        =     77    ----
   CONSTANT SIZE    =   ----    ----
   XDATA SIZE       =   ----    ----
   PDATA SIZE       =   ----    ----
   DATA SIZE        =   ----    ----
   IDATA SIZE       =   ----    ----
   BIT SIZE         =   ----    ----
END OF MODULE INFORMATION.


C51 COMPILATION COMPLETE.  0 WARNING(S),  0 ERROR(S)
